Symlinking /home/zlhq/px4_fly_ws/devel/include/camera/neighbor_camera_data.h
Symlinking /home/zlhq/px4_fly_ws/devel/include/camera/detect_msg.h
Symlinking /home/zlhq/px4_fly_ws/devel/include/camera/pos_message.h
Symlinking /home/zlhq/px4_fly_ws/devel/include/camera/gimbal_msg.h
Symlinking /home/zlhq/px4_fly_ws/devel/include/camera/servo_msg.h
Symlinking /home/zlhq/px4_fly_ws/devel/include/camera/pixel_msg.h
Symlinking /home/zlhq/px4_fly_ws/devel/lib/pkgconfig/camera.pc
Symlinking /home/zlhq/px4_fly_ws/devel/lib/python2.7/dist-packages/camera/__init__.py
Symlinking /home/zlhq/px4_fly_ws/devel/lib/python2.7/dist-packages/camera/msg/_neighbor_camera_data.py
Symlinking /home/zlhq/px4_fly_ws/devel/lib/python2.7/dist-packages/camera/msg/_servo_msg.py
Symlinking /home/zlhq/px4_fly_ws/devel/lib/python2.7/dist-packages/camera/msg/__init__.py
Symlinking /home/zlhq/px4_fly_ws/devel/lib/python2.7/dist-packages/camera/msg/_gimbal_msg.py
Symlinking /home/zlhq/px4_fly_ws/devel/lib/python2.7/dist-packages/camera/msg/_detect_msg.py
Symlinking /home/zlhq/px4_fly_ws/devel/lib/python2.7/dist-packages/camera/msg/_pixel_msg.py
Symlinking /home/zlhq/px4_fly_ws/devel/lib/python2.7/dist-packages/camera/msg/_pos_message.py
Symlinking /home/zlhq/px4_fly_ws/devel/share/roseus/ros/camera/manifest.l
Symlinking /home/zlhq/px4_fly_ws/devel/share/roseus/ros/camera/msg/detect_msg.l
Symlinking /home/zlhq/px4_fly_ws/devel/share/roseus/ros/camera/msg/gimbal_msg.l
Symlinking /home/zlhq/px4_fly_ws/devel/share/roseus/ros/camera/msg/servo_msg.l
Symlinking /home/zlhq/px4_fly_ws/devel/share/roseus/ros/camera/msg/neighbor_camera_data.l
Symlinking /home/zlhq/px4_fly_ws/devel/share/roseus/ros/camera/msg/pos_message.l
Symlinking /home/zlhq/px4_fly_ws/devel/share/roseus/ros/camera/msg/pixel_msg.l
Symlinking /home/zlhq/px4_fly_ws/devel/share/common-lisp/ros/camera/msg/pixel_msg.lisp
Symlinking /home/zlhq/px4_fly_ws/devel/share/common-lisp/ros/camera/msg/_package_detect_msg.lisp
Symlinking /home/zlhq/px4_fly_ws/devel/share/common-lisp/ros/camera/msg/_package.lisp
Symlinking /home/zlhq/px4_fly_ws/devel/share/common-lisp/ros/camera/msg/_package_gimbal_msg.lisp
Symlinking /home/zlhq/px4_fly_ws/devel/share/common-lisp/ros/camera/msg/neighbor_camera_data.lisp
Symlinking /home/zlhq/px4_fly_ws/devel/share/common-lisp/ros/camera/msg/servo_msg.lisp
Symlinking /home/zlhq/px4_fly_ws/devel/share/common-lisp/ros/camera/msg/_package_servo_msg.lisp
Symlinking /home/zlhq/px4_fly_ws/devel/share/common-lisp/ros/camera/msg/camera-msg.asd
Symlinking /home/zlhq/px4_fly_ws/devel/share/common-lisp/ros/camera/msg/_package_neighbor_camera_data.lisp
Symlinking /home/zlhq/px4_fly_ws/devel/share/common-lisp/ros/camera/msg/_package_pixel_msg.lisp
Symlinking /home/zlhq/px4_fly_ws/devel/share/common-lisp/ros/camera/msg/pos_message.lisp
Symlinking /home/zlhq/px4_fly_ws/devel/share/common-lisp/ros/camera/msg/_package_pos_message.lisp
Symlinking /home/zlhq/px4_fly_ws/devel/share/common-lisp/ros/camera/msg/detect_msg.lisp
Symlinking /home/zlhq/px4_fly_ws/devel/share/common-lisp/ros/camera/msg/gimbal_msg.lisp
Symlinking /home/zlhq/px4_fly_ws/devel/share/camera/cmake/cameraConfig-version.cmake
Symlinking /home/zlhq/px4_fly_ws/devel/share/camera/cmake/camera-msg-extras.cmake
Symlinking /home/zlhq/px4_fly_ws/devel/share/camera/cmake/camera-msg-paths.cmake
Symlinking /home/zlhq/px4_fly_ws/devel/share/camera/cmake/cameraConfig.cmake
Symlinking /home/zlhq/px4_fly_ws/devel/share/gennodejs/ros/camera/_index.js
Symlinking /home/zlhq/px4_fly_ws/devel/share/gennodejs/ros/camera/msg/pos_message.js
Symlinking /home/zlhq/px4_fly_ws/devel/share/gennodejs/ros/camera/msg/_index.js
Symlinking /home/zlhq/px4_fly_ws/devel/share/gennodejs/ros/camera/msg/neighbor_camera_data.js
Symlinking /home/zlhq/px4_fly_ws/devel/share/gennodejs/ros/camera/msg/servo_msg.js
Symlinking /home/zlhq/px4_fly_ws/devel/share/gennodejs/ros/camera/msg/gimbal_msg.js
Symlinking /home/zlhq/px4_fly_ws/devel/share/gennodejs/ros/camera/msg/detect_msg.js
Symlinking /home/zlhq/px4_fly_ws/devel/share/gennodejs/ros/camera/msg/pixel_msg.js
