Linked: (/home/zlhq/px4_fly_ws/devel/.private/camera/include/camera/neighbor_camera_data.h, /home/zlhq/px4_fly_ws/devel/include/camera/neighbor_camera_data.h)
Linked: (/home/zlhq/px4_fly_ws/devel/.private/camera/include/camera/detect_msg.h, /home/zlhq/px4_fly_ws/devel/include/camera/detect_msg.h)
Linked: (/home/zlhq/px4_fly_ws/devel/.private/camera/include/camera/pos_message.h, /home/zlhq/px4_fly_ws/devel/include/camera/pos_message.h)
Linked: (/home/zlhq/px4_fly_ws/devel/.private/camera/include/camera/gimbal_msg.h, /home/zlhq/px4_fly_ws/devel/include/camera/gimbal_msg.h)
Linked: (/home/zlhq/px4_fly_ws/devel/.private/camera/include/camera/servo_msg.h, /home/zlhq/px4_fly_ws/devel/include/camera/servo_msg.h)
Linked: (/home/zlhq/px4_fly_ws/devel/.private/camera/include/camera/pixel_msg.h, /home/zlhq/px4_fly_ws/devel/include/camera/pixel_msg.h)
Linked: (/home/zlhq/px4_fly_ws/devel/.private/camera/lib/pkgconfig/camera.pc, /home/zlhq/px4_fly_ws/devel/lib/pkgconfig/camera.pc)
Linked: (/home/zlhq/px4_fly_ws/devel/.private/camera/lib/python2.7/dist-packages/camera/__init__.py, /home/zlhq/px4_fly_ws/devel/lib/python2.7/dist-packages/camera/__init__.py)
Linked: (/home/zlhq/px4_fly_ws/devel/.private/camera/lib/python2.7/dist-packages/camera/msg/_neighbor_camera_data.py, /home/zlhq/px4_fly_ws/devel/lib/python2.7/dist-packages/camera/msg/_neighbor_camera_data.py)
Linked: (/home/zlhq/px4_fly_ws/devel/.private/camera/lib/python2.7/dist-packages/camera/msg/_servo_msg.py, /home/zlhq/px4_fly_ws/devel/lib/python2.7/dist-packages/camera/msg/_servo_msg.py)
Linked: (/home/zlhq/px4_fly_ws/devel/.private/camera/lib/python2.7/dist-packages/camera/msg/__init__.py, /home/zlhq/px4_fly_ws/devel/lib/python2.7/dist-packages/camera/msg/__init__.py)
Linked: (/home/zlhq/px4_fly_ws/devel/.private/camera/lib/python2.7/dist-packages/camera/msg/_gimbal_msg.py, /home/zlhq/px4_fly_ws/devel/lib/python2.7/dist-packages/camera/msg/_gimbal_msg.py)
Linked: (/home/zlhq/px4_fly_ws/devel/.private/camera/lib/python2.7/dist-packages/camera/msg/_detect_msg.py, /home/zlhq/px4_fly_ws/devel/lib/python2.7/dist-packages/camera/msg/_detect_msg.py)
Linked: (/home/zlhq/px4_fly_ws/devel/.private/camera/lib/python2.7/dist-packages/camera/msg/_pixel_msg.py, /home/zlhq/px4_fly_ws/devel/lib/python2.7/dist-packages/camera/msg/_pixel_msg.py)
Linked: (/home/zlhq/px4_fly_ws/devel/.private/camera/lib/python2.7/dist-packages/camera/msg/_pos_message.py, /home/zlhq/px4_fly_ws/devel/lib/python2.7/dist-packages/camera/msg/_pos_message.py)
Linked: (/home/zlhq/px4_fly_ws/devel/.private/camera/share/roseus/ros/camera/manifest.l, /home/zlhq/px4_fly_ws/devel/share/roseus/ros/camera/manifest.l)
Linked: (/home/zlhq/px4_fly_ws/devel/.private/camera/share/roseus/ros/camera/msg/detect_msg.l, /home/zlhq/px4_fly_ws/devel/share/roseus/ros/camera/msg/detect_msg.l)
Linked: (/home/zlhq/px4_fly_ws/devel/.private/camera/share/roseus/ros/camera/msg/gimbal_msg.l, /home/zlhq/px4_fly_ws/devel/share/roseus/ros/camera/msg/gimbal_msg.l)
Linked: (/home/zlhq/px4_fly_ws/devel/.private/camera/share/roseus/ros/camera/msg/servo_msg.l, /home/zlhq/px4_fly_ws/devel/share/roseus/ros/camera/msg/servo_msg.l)
Linked: (/home/zlhq/px4_fly_ws/devel/.private/camera/share/roseus/ros/camera/msg/neighbor_camera_data.l, /home/zlhq/px4_fly_ws/devel/share/roseus/ros/camera/msg/neighbor_camera_data.l)
Linked: (/home/zlhq/px4_fly_ws/devel/.private/camera/share/roseus/ros/camera/msg/pos_message.l, /home/zlhq/px4_fly_ws/devel/share/roseus/ros/camera/msg/pos_message.l)
Linked: (/home/zlhq/px4_fly_ws/devel/.private/camera/share/roseus/ros/camera/msg/pixel_msg.l, /home/zlhq/px4_fly_ws/devel/share/roseus/ros/camera/msg/pixel_msg.l)
Linked: (/home/zlhq/px4_fly_ws/devel/.private/camera/share/common-lisp/ros/camera/msg/pixel_msg.lisp, /home/zlhq/px4_fly_ws/devel/share/common-lisp/ros/camera/msg/pixel_msg.lisp)
Linked: (/home/zlhq/px4_fly_ws/devel/.private/camera/share/common-lisp/ros/camera/msg/_package_detect_msg.lisp, /home/zlhq/px4_fly_ws/devel/share/common-lisp/ros/camera/msg/_package_detect_msg.lisp)
Linked: (/home/zlhq/px4_fly_ws/devel/.private/camera/share/common-lisp/ros/camera/msg/_package.lisp, /home/zlhq/px4_fly_ws/devel/share/common-lisp/ros/camera/msg/_package.lisp)
Linked: (/home/zlhq/px4_fly_ws/devel/.private/camera/share/common-lisp/ros/camera/msg/_package_gimbal_msg.lisp, /home/zlhq/px4_fly_ws/devel/share/common-lisp/ros/camera/msg/_package_gimbal_msg.lisp)
Linked: (/home/zlhq/px4_fly_ws/devel/.private/camera/share/common-lisp/ros/camera/msg/neighbor_camera_data.lisp, /home/zlhq/px4_fly_ws/devel/share/common-lisp/ros/camera/msg/neighbor_camera_data.lisp)
Linked: (/home/zlhq/px4_fly_ws/devel/.private/camera/share/common-lisp/ros/camera/msg/servo_msg.lisp, /home/zlhq/px4_fly_ws/devel/share/common-lisp/ros/camera/msg/servo_msg.lisp)
Linked: (/home/zlhq/px4_fly_ws/devel/.private/camera/share/common-lisp/ros/camera/msg/_package_servo_msg.lisp, /home/zlhq/px4_fly_ws/devel/share/common-lisp/ros/camera/msg/_package_servo_msg.lisp)
Linked: (/home/zlhq/px4_fly_ws/devel/.private/camera/share/common-lisp/ros/camera/msg/camera-msg.asd, /home/zlhq/px4_fly_ws/devel/share/common-lisp/ros/camera/msg/camera-msg.asd)
Linked: (/home/zlhq/px4_fly_ws/devel/.private/camera/share/common-lisp/ros/camera/msg/_package_neighbor_camera_data.lisp, /home/zlhq/px4_fly_ws/devel/share/common-lisp/ros/camera/msg/_package_neighbor_camera_data.lisp)
Linked: (/home/zlhq/px4_fly_ws/devel/.private/camera/share/common-lisp/ros/camera/msg/_package_pixel_msg.lisp, /home/zlhq/px4_fly_ws/devel/share/common-lisp/ros/camera/msg/_package_pixel_msg.lisp)
Linked: (/home/zlhq/px4_fly_ws/devel/.private/camera/share/common-lisp/ros/camera/msg/pos_message.lisp, /home/zlhq/px4_fly_ws/devel/share/common-lisp/ros/camera/msg/pos_message.lisp)
Linked: (/home/zlhq/px4_fly_ws/devel/.private/camera/share/common-lisp/ros/camera/msg/_package_pos_message.lisp, /home/zlhq/px4_fly_ws/devel/share/common-lisp/ros/camera/msg/_package_pos_message.lisp)
Linked: (/home/zlhq/px4_fly_ws/devel/.private/camera/share/common-lisp/ros/camera/msg/detect_msg.lisp, /home/zlhq/px4_fly_ws/devel/share/common-lisp/ros/camera/msg/detect_msg.lisp)
Linked: (/home/zlhq/px4_fly_ws/devel/.private/camera/share/common-lisp/ros/camera/msg/gimbal_msg.lisp, /home/zlhq/px4_fly_ws/devel/share/common-lisp/ros/camera/msg/gimbal_msg.lisp)
Linked: (/home/zlhq/px4_fly_ws/devel/.private/camera/share/camera/cmake/cameraConfig-version.cmake, /home/zlhq/px4_fly_ws/devel/share/camera/cmake/cameraConfig-version.cmake)
Linked: (/home/zlhq/px4_fly_ws/devel/.private/camera/share/camera/cmake/camera-msg-extras.cmake, /home/zlhq/px4_fly_ws/devel/share/camera/cmake/camera-msg-extras.cmake)
Linked: (/home/zlhq/px4_fly_ws/devel/.private/camera/share/camera/cmake/camera-msg-paths.cmake, /home/zlhq/px4_fly_ws/devel/share/camera/cmake/camera-msg-paths.cmake)
Linked: (/home/zlhq/px4_fly_ws/devel/.private/camera/share/camera/cmake/cameraConfig.cmake, /home/zlhq/px4_fly_ws/devel/share/camera/cmake/cameraConfig.cmake)
Linked: (/home/zlhq/px4_fly_ws/devel/.private/camera/share/gennodejs/ros/camera/_index.js, /home/zlhq/px4_fly_ws/devel/share/gennodejs/ros/camera/_index.js)
Linked: (/home/zlhq/px4_fly_ws/devel/.private/camera/share/gennodejs/ros/camera/msg/pos_message.js, /home/zlhq/px4_fly_ws/devel/share/gennodejs/ros/camera/msg/pos_message.js)
Linked: (/home/zlhq/px4_fly_ws/devel/.private/camera/share/gennodejs/ros/camera/msg/_index.js, /home/zlhq/px4_fly_ws/devel/share/gennodejs/ros/camera/msg/_index.js)
Linked: (/home/zlhq/px4_fly_ws/devel/.private/camera/share/gennodejs/ros/camera/msg/neighbor_camera_data.js, /home/zlhq/px4_fly_ws/devel/share/gennodejs/ros/camera/msg/neighbor_camera_data.js)
Linked: (/home/zlhq/px4_fly_ws/devel/.private/camera/share/gennodejs/ros/camera/msg/servo_msg.js, /home/zlhq/px4_fly_ws/devel/share/gennodejs/ros/camera/msg/servo_msg.js)
Linked: (/home/zlhq/px4_fly_ws/devel/.private/camera/share/gennodejs/ros/camera/msg/gimbal_msg.js, /home/zlhq/px4_fly_ws/devel/share/gennodejs/ros/camera/msg/gimbal_msg.js)
Linked: (/home/zlhq/px4_fly_ws/devel/.private/camera/share/gennodejs/ros/camera/msg/detect_msg.js, /home/zlhq/px4_fly_ws/devel/share/gennodejs/ros/camera/msg/detect_msg.js)
Linked: (/home/zlhq/px4_fly_ws/devel/.private/camera/share/gennodejs/ros/camera/msg/pixel_msg.js, /home/zlhq/px4_fly_ws/devel/share/gennodejs/ros/camera/msg/pixel_msg.js)
