Performing C SOURCE FILE Test CMAKE_HAVE_LIBC_PTHREAD failed with the following output:
Change Dir: /home/zlhq/px4_fly_ws/build/uam_ocp_gazebo_bridge/CMakeFiles/CMakeTmp

Run Build Command(s):/usr/bin/make -f Makefile cmTC_621eb/fast && /usr/bin/make  -f CMakeFiles/cmTC_621eb.dir/build.make CMakeFiles/cmTC_621eb.dir/build
make[1]: Entering directory '/home/zlhq/px4_fly_ws/build/uam_ocp_gazebo_bridge/CMakeFiles/CMakeTmp'
Building C object CMakeFiles/cmTC_621eb.dir/src.c.o
/usr/bin/cc -DCMAKE_HAVE_LIBC_PTHREAD   -o CMakeFiles/cmTC_621eb.dir/src.c.o -c /home/zlhq/px4_fly_ws/build/uam_ocp_gazebo_bridge/CMakeFiles/CMakeTmp/src.c
Linking C executable cmTC_621eb
/opt/cmake-3.21.4/bin/cmake -E cmake_link_script CMakeFiles/cmTC_621eb.dir/link.txt --verbose=1
/usr/bin/cc -rdynamic CMakeFiles/cmTC_621eb.dir/src.c.o -o cmTC_621eb 
CMakeFiles/cmTC_621eb.dir/src.c.o: In function `main':
src.c:(.text+0x3e): undefined reference to `pthread_create'
src.c:(.text+0x4a): undefined reference to `pthread_detach'
src.c:(.text+0x56): undefined reference to `pthread_cancel'
src.c:(.text+0x67): undefined reference to `pthread_join'
src.c:(.text+0x7b): undefined reference to `pthread_atfork'
collect2: error: ld returned 1 exit status
CMakeFiles/cmTC_621eb.dir/build.make:98: recipe for target 'cmTC_621eb' failed
make[1]: *** [cmTC_621eb] Error 1
make[1]: Leaving directory '/home/zlhq/px4_fly_ws/build/uam_ocp_gazebo_bridge/CMakeFiles/CMakeTmp'
Makefile:127: recipe for target 'cmTC_621eb/fast' failed
make: *** [cmTC_621eb/fast] Error 2


Source file was:
#include <pthread.h>

static void* test_func(void* data)
{
  return data;
}

int main(void)
{
  pthread_t thread;
  pthread_create(&thread, NULL, test_func, NULL);
  pthread_detach(thread);
  pthread_cancel(thread);
  pthread_join(thread, NULL);
  pthread_atfork(NULL, NULL, NULL);
  pthread_exit(NULL);

  return 0;
}

Determining if the function pthread_create exists in the pthreads failed with the following output:
Change Dir: /home/zlhq/px4_fly_ws/build/uam_ocp_gazebo_bridge/CMakeFiles/CMakeTmp

Run Build Command(s):/usr/bin/make -f Makefile cmTC_c856e/fast && /usr/bin/make  -f CMakeFiles/cmTC_c856e.dir/build.make CMakeFiles/cmTC_c856e.dir/build
make[1]: Entering directory '/home/zlhq/px4_fly_ws/build/uam_ocp_gazebo_bridge/CMakeFiles/CMakeTmp'
Building C object CMakeFiles/cmTC_c856e.dir/CheckFunctionExists.c.o
/usr/bin/cc   -DCHECK_FUNCTION_EXISTS=pthread_create -o CMakeFiles/cmTC_c856e.dir/CheckFunctionExists.c.o -c /opt/cmake-3.21.4/share/cmake-3.21/Modules/CheckFunctionExists.c
Linking C executable cmTC_c856e
/opt/cmake-3.21.4/bin/cmake -E cmake_link_script CMakeFiles/cmTC_c856e.dir/link.txt --verbose=1
/usr/bin/cc  -DCHECK_FUNCTION_EXISTS=pthread_create -rdynamic CMakeFiles/cmTC_c856e.dir/CheckFunctionExists.c.o -o cmTC_c856e  -lpthreads 
/usr/bin/ld: cannot find -lpthreads
collect2: error: ld returned 1 exit status
CMakeFiles/cmTC_c856e.dir/build.make:98: recipe for target 'cmTC_c856e' failed
make[1]: *** [cmTC_c856e] Error 1
make[1]: Leaving directory '/home/zlhq/px4_fly_ws/build/uam_ocp_gazebo_bridge/CMakeFiles/CMakeTmp'
Makefile:127: recipe for target 'cmTC_c856e/fast' failed
make: *** [cmTC_c856e/fast] Error 2



